
> portfolio-frontend@0.0.0 build
> vite build

[36mvite v5.4.21 [32mbuilding for production...[36m[39m
transforming...
[32m✓[39m 1896 modules transformed.
rendering chunks...
computing gzip size...
[2mdist/[22m[32mindex.html                 [39m[1m[2m    0.49 kB[22m[1m[22m[2m │ gzip:     0.32 kB[22m
[2mdist/[22m[35massets/index-CK734s5Y.css  [39m[1m[2m   26.06 kB[22m[1m[22m[2m │ gzip:     4.94 kB[22m
[2mdist/[22m[36massets/index-PdWIgBUm.js   [39m[1m[33m6,542.62 kB[39m[22m[2m │ gzip: 2,456.18 kB[22m
[33m
(!) Some chunks are larger than 500 kB after minification. Consider:
- Using dynamic import() to code-split the application
- Use build.rollupOptions.output.manualChunks to improve chunking: https://rollupjs.org/configuration-options/#output-manualchunks
- Adjust chunk size limit for this warning via build.chunkSizeWarningLimit.[39m
[32m✓ built in 26.92s[39m
